// Jest Snapshot v1, https://goo.gl/fbAQLP

exports[`Cadastro Hemocentro Component [LOGINSCREEN] deve executar a class e ciclos de vida sem crashar 1`] = `ReactWrapper {}`;

exports[`Cadastro Hemocentro Component [LOGINSCREEN] deve executar a class e ciclos de vida sem crashar 2`] = `ReactWrapper {}`;

exports[`Cadastro Hemocentro Component [LOGINSCREEN] deve executar a class e ciclos de vida sem crashar 3`] = `ReactWrapper {}`;

exports[`Cadastro Hemocentro Component [LOGINSCREEN] deve executar a class e ciclos de vida sem crashar 4`] = `ReactWrapper {}`;

exports[`Cadastro Hemocentro Component [LOGINSCREEN] deve executar a class e ciclos de vida sem crashar 5`] = `ReactWrapper {}`;

exports[`Cadastro Hemocentro Component [LOGINSCREEN] deve executar a class e ciclos de vida sem crashar 6`] = `ReactWrapper {}`;

exports[`Cadastro Hemocentro Component [LOGINSCREEN] deve executar a class e ciclos de vida sem crashar 7`] = `ReactWrapper {}`;

exports[`Cadastro Hemocentro Component [LOGINSCREEN] deve executar a class e ciclos de vida sem crashar 8`] = `ReactWrapper {}`;

exports[`Cadastro Hemocentro Component [LOGINSCREEN] deve executar a class e ciclos de vida sem crashar 9`] = `ReactWrapper {}`;

exports[`Cadastro Hemocentro Component [LOGINSCREEN] deve executar a class e ciclos de vida sem crashar 10`] = `ReactWrapper {}`;

exports[`Cadastro Hemocentro Component [LOGINSCREEN] deve executar o componente pai sem crashar 1`] = `ShallowWrapper {}`;

exports[`Cadastro Hemocentro Component [LOGINSCREEN] deve executar o componente pai sem crashar 2`] = `ShallowWrapper {}`;

exports[`Cadastro Hemocentro Component [LOGINSCREEN] deve executar o componente pai sem crashar 3`] = `ShallowWrapper {}`;

exports[`Cadastro Hemocentro Component [LOGINSCREEN] deve executar o componente pai sem crashar 4`] = `ShallowWrapper {}`;

exports[`Cadastro Hemocentro Component [LOGINSCREEN] deve executar o componente pai sem crashar 5`] = `ShallowWrapper {}`;

exports[`Cadastro Hemocentro Component [LOGINSCREEN] deve executar o componente pai sem crashar 6`] = `ShallowWrapper {}`;

exports[`Cadastro Hemocentro Component [LOGINSCREEN] deve executar o componente pai sem crashar 7`] = `ShallowWrapper {}`;

exports[`Cadastro Hemocentro Component [LOGINSCREEN] deve executar o componente pai sem crashar 8`] = `ShallowWrapper {}`;

exports[`Cadastro Hemocentro Component [LOGINSCREEN] deve executar o componente pai sem crashar 9`] = `ShallowWrapper {}`;

exports[`Cadastro Hemocentro Component [LOGINSCREEN] deve executar o componente pai sem crashar 10`] = `ShallowWrapper {}`;
